[www.toastmasters.org/About/Board of Directors/International Officer and Director Candidates/ElmerHill.html]
[www.toastmasters.org/layouts/system/VisitorIdentification.js]
[backblue.gif]
[fade.gif]
[index.html]
[jcdn.toastmasters.org/cassette.axd/asset/Content/bootstrap88b1.css]
[jcdn.toastmasters.org/cassette.axd/asset/Content/bootstrap-theme89d3.css]
[jcdn.toastmasters.org/cassette.axd/asset/Content/css/Sitedf82.css]
[jcdn.toastmasters.org/cassette.axd/asset/Content/css/calloutsa775.css]
[jcdn.toastmasters.org/cassette.axd/asset/Content/css/store8e8f.css]
[jcdn.toastmasters.org/cassette.axd/asset/Content/css/jquery.feedback_me628d.css]
[jcdn.toastmasters.org/cassette.axd/asset/Content/css/TIca2c.css]
[jcdn.toastmasters.org/cassette.axd/asset/Content/css/all6831.css]
[jcdn.toastmasters.org/cassette.axd/asset/Content/css/Base/Inputs0d67.css]
[jcdn.toastmasters.org/cassette.axd/asset/Content/css/Base/Tables8016.css]
[jcdn.toastmasters.org/cassette.axd/asset/Content/css/Base/Typography504d.css]
[jcdn.toastmasters.org/cassette.axd/asset/Content/css/Base/Headerea45.css]
[jcdn.toastmasters.org/cassette.axd/asset/Content/css/Base/Content1cf1.css]
[jcdn.toastmasters.org/cassette.axd/asset/Content/css/Base/Footercb31.css]
[jcdn.toastmasters.org/cassette.axd/asset/Content/css/Base/Modal2710.css]
[jcdn.toastmasters.org/cassette.axd/asset/Content/css/commone3f7.css]
[jcdn.toastmasters.org/cassette.axd/asset/Content/css/Timeout/SessionTimeOutModal9f20.css]
[www.toastmasters.org/Content/images/splashscreens/iphone5_splash.png]
[www.toastmasters.org/Content/images/splashscreens/iphone6_splash.png]
[www.toastmasters.org/Content/images/splashscreens/iphoneplus_splash.png]
[www.toastmasters.org/Content/images/splashscreens/iphonex_splash.png]
[www.toastmasters.org/Content/images/splashscreens/iphonexr_splash.png]
[www.toastmasters.org/Content/images/splashscreens/iphonexsmax_splash.png]
[www.toastmasters.org/Content/images/splashscreens/ipad_splash.png]
[www.toastmasters.org/Content/images/splashscreens/ipadpro1_splash.png]
[www.toastmasters.org/Content/images/splashscreens/ipadpro3_splash.png]
[www.toastmasters.org/Content/images/splashscreens/ipadpro2_splash.png]
[www.toastmasters.org/Content/images/ToastmastersLogo192.png]
[use.typekit.net/ikt8amp.js]
[www.toastmasters.org/Content/Scripts/Utils.js]
[jcdn.toastmasters.org/Content/Scripts/intlTelInput_v23/utils.js]
[jcdn.toastmasters.org/cassette.axd/asset/Content/Scripts/respond1f53.js]
[jcdn.toastmasters.org/cassette.axd/asset/Content/Scripts/modernizr-2.7.2810a.js]
[jcdn.toastmasters.org/cassette.axd/asset/Content/Scripts/District Central/popper82ed.js]
[jcdn.toastmasters.org/cassette.axd/asset/Content/Scripts/bootstrap399c.js]
[jcdn.toastmasters.org/cassette.axd/asset/Content/Scripts/common-checkse111.js]
[oc-cdn-ocprod.azureedge.net/livechatwidget/scripts/LiveChatBootstrapper.js]
[jcdn.toastmasters.org/cassette.axd/asset/Content/Scripts/jquery-3.7.11a23.js]
[www.google-analytics.com/analytics.js]
[jcdn.toastmasters.org/Content/css/topnavigationea29.css]
[jcdn.toastmasters.org/Content/css/topnavigationresponsiveea29.css]
[www.toastmasters.org/content/images/globals/toastmasters-logo@2x.png]
[ccdn.toastmasters.org/medias/images/home-page-items/about/bod/2024candidatesheadshots/elmer-hill.png]
[jcdn.toastmasters.org/Content/css/login/login.minea29.css]
[jcdn.toastmasters.org/Content/Scripts/validator.minea29.js]
[cdnjs.cloudflare.com/ajax/libs/font-awesome/6.3.0/css/brands.min.css]
[jcdn.toastmasters.org/cassette.axd/asset/Content/Scripts/pluginscba2.js]
[jcdn.toastmasters.org/cassette.axd/asset/Content/Scripts/addthis_widgetd674.js]
[jcdn.toastmasters.org/cassette.axd/asset/Content/Scripts/main6ed1.js]
[jcdn.toastmasters.org/cassette.axd/asset/Content/Scripts/Carousel/carousel10b5.js]
[jcdn.toastmasters.org/cassette.axd/asset/Content/Scripts/jquery.feedback_mec1b1.js]
[jcdn.toastmasters.org/cassette.axd/asset/Content/Scripts/Logout839e.js]
[jcdn.toastmasters.org/Content/Scripts/SessionTimeOutea29.js]
[www.toastmasters.org/About/Board of Directors/International Officer and Director Candidates/ElmerHill.html]
[www.toastmasters.org/layouts/system/VisitorIdentification.js]
[cloud.typography.com/7625160/6823232/css/fonts.css]
[jcdn.toastmasters.org/cassette.axd/asset/Content/bootstrap88b1.css]
[jcdn.toastmasters.org/cassette.axd/asset/Content/bootstrap-theme89d3.css]
[jcdn.toastmasters.org/Content/Scripts/sw-configea29.js]
[jcdn.toastmasters.org/cassette.axd/file/Content/css/Blue-Theme-Site-d400d5237c84b06dc1ef6e614a84ff95a5f76005.css]
[jcdn.toastmasters.org/cassette.axd/file/Content/images/globals/toastmasters-logo-text@2x-0781a0c6fb1bb82b35f3f53400928809bb6b6b20.png]
[jcdn.toastmasters.org/cassette.axd/file/Content/images/globals/toastmasters-logo-text-9c38f39193ded540ff2f40f928c782a53014ce39.png]
[jcdn.toastmasters.org/cassette.axd/file/Content/images/globals/icon-sprite@2x-d9da2a6c80970e2b630c4bb0f86f5fe16bf3976a.png]
[jcdn.toastmasters.org/cassette.axd/file/Content/images/globals/nav-divider-4bc654694c2ce9b598ec562c01995a2d228b8efc.png]
[jcdn.toastmasters.org/cassette.axd/file/Content/images/globals/toastmasters-logo@2x-5f9961de31c33c84d9405af897a2bfdf1c858abf.png]
[jcdn.toastmasters.org/cassette.axd/file/Content/images/globals/toastmasters-logo-97x81-c32e3df7f547a72f7a3a7d04717e5712a7bc5dea.png]
[jcdn.toastmasters.org/cassette.axd/file/Content/images/globals/toastmasters-logo-6e7e8db5618ee829a74f8aaf9c2879614596ad72.png]
[jcdn.toastmasters.org/cassette.axd/file/Content/images/globals/indicator-touch@2x-f5b8ce2ec1e60b330816f17e7183343132ea3791.png]
[jcdn.toastmasters.org/cassette.axd/asset/Content/css/Sitedf82.css]
[jcdn.toastmasters.org/cassette.axd/asset/Content/css/calloutsa775.css]
[jcdn.toastmasters.org/cassette.axd/file/content/images/examples/store-slideshow-bg-04b1638aad8854ebedcf7fa2178bbda9805c6c30.jpg]
[jcdn.toastmasters.org/cassette.axd/asset/Content/css/store8e8f.css]
[jcdn.toastmasters.org/cassette.axd/asset/Content/css/jquery.feedback_me628d.css]
[jcdn.toastmasters.org/cassette.axd/file/Content/images/toastmasterslogotext2x_red-5d8829604a10268b02fa64d36929cc9b51ccb79e.png]
[jcdn.toastmasters.org/cassette.axd/asset/Content/css/TIca2c.css]
[jcdn.toastmasters.org/cassette.axd/asset/Content/css/all6831.css]
[jcdn.toastmasters.org/cassette.axd/asset/Content/css/Base/Inputs0d67.css]
[jcdn.toastmasters.org/cassette.axd/asset/Content/css/Base/Tables8016.css]
[jcdn.toastmasters.org/cassette.axd/asset/Content/css/Base/Typography504d.css]
[jcdn.toastmasters.org/cassette.axd/asset/Content/css/Base/Headerea45.css]
[jcdn.toastmasters.org/cassette.axd/asset/Content/css/Base/Content1cf1.css]
[jcdn.toastmasters.org/cassette.axd/asset/Content/css/Base/Footercb31.css]
[jcdn.toastmasters.org/cassette.axd/asset/Content/css/Base/Modal2710.css]
[jcdn.toastmasters.org/cassette.axd/asset/Content/css/commone3f7.css]
[jcdn.toastmasters.org/cassette.axd/asset/Content/css/Timeout/SessionTimeOutModal9f20.css]
[www.toastmasters.org/About/Board of Directors/International Officer and Director Candidates/edge.fullstory.com/s/fs.html]
[www.toastmasters.org/Content/Scripts/Utils.js]
[jcdn.toastmasters.org/Content/Scripts/intlTelInput_v23/utils.js]
[oc-cdn-ocprod.azureedge.net/livechatwidget/scripts/LiveChatBootstrapper.js]
[www.googletagmanager.com/gtm5445.html]
[jcdn.toastmasters.org/Content/css/topnavigationea29.css]
[jcdn.toastmasters.org/Content/css/topnavigationresponsiveea29.css]
[jcdn.toastmasters.org/Content/css/login/login.minea29.css]
[jcdn.toastmasters.org/Content/Scripts/validator.minea29.js]
[www.securitymetrics.com/images/sm_ccsafe_whborder.html]
[cdnjs.cloudflare.com/ajax/libs/font-awesome/6.3.0/css/brands.min.css]
[jcdn.toastmasters.org/Content/Scripts/SessionTimeOutea29.js]
[www.toastmasters.org/sw.js]
[jcdn.toastmasters.org/Content/Scripts/sw-configea29.js]
[jcdn.toastmasters.org/cassette.axd/file/Content/css/Blue-Theme-Site-d400d5237c84b06dc1ef6e614a84ff95a5f76005.css]
[jcdn.toastmasters.org/Content/images/globals/icon-sprite.html]
[jcdn.toastmasters.org/Content/images/globals/icon-search.html]
[jcdn.toastmasters.org/Content/images/globals/indicator-touch.html]
[jcdn.toastmasters.org/Content/images/examples/hero-banners-bg-left.html]
[jcdn.toastmasters.org/Content/images/examples/hero-banners-bg-right.html]
[jcdn.toastmasters.org/Content/images/examples/journey-timeline-bg-small.html]
[jcdn.toastmasters.org/Content/images/examples/journey-timeline-bg.html]
[www.toastmasters.org/About/Board of Directors/International Officer and Director Candidates/v2public/styles/LiveChatWidgetFrame.html]
[www.toastmasters.org/About/Board of Directors/International Officer and Director Candidates/v2public/htmls/chatv2.html]
[storage.googleapis.com/workbox-cdn/releases/3.6.1/workbox-sw.js]
[www.toastmasters.org/sw.js]
